Downloading https://services.gradle.org/distributions/gradle-8.9-bin.zip
............10%.............20%.............30%.............40%.............50%.............60%.............70%.............80%.............90%.............100%

Welcome to Gradle 8.9!

Here are the highlights of this release:
 - Enhanced Error and Warning Messages
 - IDE Integration Improvements
 - Daemon JVM Information

For more details see https://docs.gradle.org/8.9/release-notes.html

To honour the JVM settings for this build a single-use Daemon process will be forked. For more on this, please refer to https://docs.gradle.org/8.9/userguide/gradle_daemon.html#sec:disabling_the_daemon in the Gradle documentation.
Daemon will be stopped at the end of the build 
> Task :domain:checkKotlinGradlePluginConfigurationErrors SKIPPED
> Task :app:preBuild UP-TO-DATE
> Task :core:common:checkKotlinGradlePluginConfigurationErrors SKIPPED
> Task :data:preBuild UP-TO-DATE
> Task :data:preDebugBuild UP-TO-DATE
> Task :app:preDebugBuild UP-TO-DATE
> Task :app:mergeDebugNativeDebugMetadata NO-SOURCE
> Task :app:checkKotlinGradlePluginConfigurationErrors SKIPPED
> Task :app:generateDebugBuildConfig
> Task :telegram:preBuild UP-TO-DATE
> Task :telegram:preDebugBuild UP-TO-DATE
> Task :telegram:writeDebugAarMetadata
> Task :worker:preBuild UP-TO-DATE
> Task :worker:preDebugBuild UP-TO-DATE
> Task :data:writeDebugAarMetadata
> Task :core:database:preBuild UP-TO-DATE
> Task :core:database:preDebugBuild UP-TO-DATE
> Task :worker:writeDebugAarMetadata
> Task :core:datastore:preBuild UP-TO-DATE
> Task :core:datastore:preDebugBuild UP-TO-DATE
> Task :core:database:writeDebugAarMetadata
> Task :core:logging:preBuild UP-TO-DATE
> Task :core:logging:preDebugBuild UP-TO-DATE
> Task :core:datastore:writeDebugAarMetadata
> Task :core:security:preBuild UP-TO-DATE
> Task :core:security:preDebugBuild UP-TO-DATE
> Task :core:logging:writeDebugAarMetadata
> Task :core:ui:preBuild UP-TO-DATE
> Task :core:ui:preDebugBuild UP-TO-DATE
> Task :core:security:writeDebugAarMetadata
> Task :feature:activity:preBuild UP-TO-DATE
> Task :feature:activity:preDebugBuild UP-TO-DATE
> Task :core:ui:writeDebugAarMetadata
> Task :feature:categories:preBuild UP-TO-DATE
> Task :feature:categories:preDebugBuild UP-TO-DATE
> Task :feature:activity:writeDebugAarMetadata
> Task :feature:channels:preBuild UP-TO-DATE
> Task :feature:channels:preDebugBuild UP-TO-DATE
> Task :feature:categories:writeDebugAarMetadata
> Task :feature:dashboard:preBuild UP-TO-DATE
> Task :feature:dashboard:preDebugBuild UP-TO-DATE
> Task :feature:dashboard:writeDebugAarMetadata
> Task :feature:folders:preBuild UP-TO-DATE
> Task :feature:folders:preDebugBuild UP-TO-DATE
> Task :feature:channels:writeDebugAarMetadata
> Task :feature:library:preBuild UP-TO-DATE
> Task :feature:library:preDebugBuild UP-TO-DATE
> Task :feature:folders:writeDebugAarMetadata
> Task :feature:onboarding:preBuild UP-TO-DATE
> Task :feature:onboarding:preDebugBuild UP-TO-DATE
> Task :feature:onboarding:writeDebugAarMetadata
> Task :feature:settings:preBuild UP-TO-DATE
> Task :feature:settings:preDebugBuild UP-TO-DATE
> Task :feature:library:writeDebugAarMetadata
> Task :feature:upload:preBuild UP-TO-DATE
> Task :feature:upload:preDebugBuild UP-TO-DATE
> Task :feature:settings:writeDebugAarMetadata
> Task :feature:video:preBuild UP-TO-DATE
> Task :feature:video:preDebugBuild UP-TO-DATE
> Task :feature:upload:writeDebugAarMetadata
> Task :feature:video:writeDebugAarMetadata
> Task :app:generateDebugResValues
> Task :data:generateDebugResValues
> Task :data:generateDebugResources
> Task :data:packageDebugResources
> Task :telegram:generateDebugResValues FROM-CACHE
> Task :telegram:generateDebugResources FROM-CACHE
> Task :telegram:packageDebugResources
> Task :worker:generateDebugResValues FROM-CACHE
> Task :worker:generateDebugResources
> Task :worker:packageDebugResources
> Task :core:database:generateDebugResValues FROM-CACHE
> Task :core:database:generateDebugResources FROM-CACHE
> Task :core:database:packageDebugResources
> Task :core:datastore:generateDebugResValues FROM-CACHE
> Task :core:datastore:generateDebugResources FROM-CACHE
> Task :core:datastore:packageDebugResources
> Task :core:logging:generateDebugResValues FROM-CACHE
> Task :core:logging:generateDebugResources FROM-CACHE
> Task :core:logging:packageDebugResources
> Task :core:security:generateDebugResValues FROM-CACHE
> Task :core:security:generateDebugResources FROM-CACHE
> Task :core:security:packageDebugResources
> Task :core:ui:generateDebugResValues FROM-CACHE
> Task :core:ui:generateDebugResources FROM-CACHE
> Task :core:ui:packageDebugResources
> Task :feature:activity:generateDebugResValues FROM-CACHE
> Task :feature:activity:generateDebugResources FROM-CACHE
> Task :feature:activity:packageDebugResources
> Task :feature:categories:generateDebugResValues FROM-CACHE
> Task :feature:categories:generateDebugResources FROM-CACHE
> Task :feature:categories:packageDebugResources
> Task :feature:channels:generateDebugResValues FROM-CACHE
> Task :feature:channels:generateDebugResources FROM-CACHE
> Task :feature:channels:packageDebugResources
> Task :feature:dashboard:generateDebugResValues FROM-CACHE
> Task :feature:dashboard:generateDebugResources FROM-CACHE
> Task :feature:dashboard:packageDebugResources
> Task :feature:folders:generateDebugResValues FROM-CACHE
> Task :feature:folders:generateDebugResources FROM-CACHE
> Task :feature:folders:packageDebugResources
> Task :feature:library:generateDebugResValues FROM-CACHE
> Task :feature:library:generateDebugResources FROM-CACHE
> Task :feature:library:packageDebugResources
> Task :feature:onboarding:generateDebugResValues FROM-CACHE
> Task :feature:onboarding:generateDebugResources FROM-CACHE
> Task :feature:onboarding:packageDebugResources
> Task :feature:settings:generateDebugResValues FROM-CACHE
> Task :feature:settings:generateDebugResources FROM-CACHE
> Task :feature:settings:packageDebugResources
> Task :feature:upload:generateDebugResValues FROM-CACHE
> Task :feature:upload:generateDebugResources FROM-CACHE
> Task :feature:upload:packageDebugResources
> Task :feature:video:generateDebugResValues FROM-CACHE
> Task :feature:video:generateDebugResources FROM-CACHE
> Task :feature:video:packageDebugResources
> Task :data:extractDeepLinksDebug
> Task :data:processDebugManifest
> Task :telegram:extractDeepLinksDebug FROM-CACHE
> Task :telegram:processDebugManifest
> Task :worker:extractDeepLinksDebug FROM-CACHE
> Task :worker:processDebugManifest
> Task :core:database:extractDeepLinksDebug FROM-CACHE
> Task :core:database:processDebugManifest
> Task :core:datastore:extractDeepLinksDebug FROM-CACHE
> Task :core:datastore:processDebugManifest
> Task :core:logging:extractDeepLinksDebug FROM-CACHE
> Task :core:logging:processDebugManifest
> Task :core:security:extractDeepLinksDebug FROM-CACHE
> Task :core:security:processDebugManifest
> Task :core:ui:extractDeepLinksDebug FROM-CACHE
> Task :core:ui:processDebugManifest
> Task :feature:activity:extractDeepLinksDebug FROM-CACHE
> Task :feature:activity:processDebugManifest
> Task :feature:categories:extractDeepLinksDebug FROM-CACHE
> Task :feature:categories:processDebugManifest
> Task :feature:channels:extractDeepLinksDebug FROM-CACHE
> Task :feature:channels:processDebugManifest
> Task :feature:dashboard:extractDeepLinksDebug FROM-CACHE
> Task :feature:dashboard:processDebugManifest
> Task :feature:folders:extractDeepLinksDebug FROM-CACHE
> Task :feature:folders:processDebugManifest
> Task :feature:library:extractDeepLinksDebug FROM-CACHE
> Task :feature:library:processDebugManifest
> Task :feature:onboarding:extractDeepLinksDebug FROM-CACHE
> Task :feature:onboarding:processDebugManifest
> Task :feature:settings:extractDeepLinksDebug FROM-CACHE
> Task :feature:settings:processDebugManifest
> Task :feature:upload:extractDeepLinksDebug FROM-CACHE
> Task :feature:upload:processDebugManifest
> Task :feature:video:extractDeepLinksDebug FROM-CACHE
> Task :feature:video:processDebugManifest
> Task :data:compileDebugLibraryResources
> Task :data:parseDebugLocalResources
> Task :domain:processResources NO-SOURCE
> Task :core:common:processResources NO-SOURCE
> Task :data:generateDebugRFile
> Task :telegram:compileDebugLibraryResources FROM-CACHE
> Task :telegram:parseDebugLocalResources FROM-CACHE
> Task :telegram:generateDebugRFile
> Task :worker:compileDebugLibraryResources
> Task :worker:parseDebugLocalResources
> Task :worker:generateDebugRFile
> Task :core:database:compileDebugLibraryResources FROM-CACHE
> Task :core:database:parseDebugLocalResources FROM-CACHE
> Task :core:database:generateDebugRFile
> Task :core:datastore:compileDebugLibraryResources FROM-CACHE
> Task :core:datastore:parseDebugLocalResources FROM-CACHE
> Task :core:datastore:generateDebugRFile
> Task :core:logging:compileDebugLibraryResources FROM-CACHE
> Task :core:logging:parseDebugLocalResources FROM-CACHE
> Task :core:logging:generateDebugRFile
> Task :core:security:compileDebugLibraryResources FROM-CACHE
> Task :core:security:parseDebugLocalResources FROM-CACHE
> Task :core:security:generateDebugRFile
> Task :core:ui:compileDebugLibraryResources FROM-CACHE
> Task :core:ui:parseDebugLocalResources FROM-CACHE
> Task :core:ui:generateDebugRFile
> Task :feature:activity:compileDebugLibraryResources FROM-CACHE
> Task :feature:activity:parseDebugLocalResources FROM-CACHE
> Task :feature:activity:generateDebugRFile
> Task :feature:categories:compileDebugLibraryResources FROM-CACHE
> Task :feature:categories:parseDebugLocalResources FROM-CACHE
> Task :feature:categories:generateDebugRFile
> Task :feature:channels:compileDebugLibraryResources FROM-CACHE
> Task :feature:channels:parseDebugLocalResources FROM-CACHE
> Task :feature:channels:generateDebugRFile
> Task :feature:dashboard:compileDebugLibraryResources FROM-CACHE
> Task :feature:dashboard:parseDebugLocalResources FROM-CACHE
> Task :feature:dashboard:generateDebugRFile
> Task :feature:folders:compileDebugLibraryResources FROM-CACHE
> Task :feature:folders:parseDebugLocalResources FROM-CACHE
> Task :feature:folders:generateDebugRFile
> Task :feature:library:compileDebugLibraryResources FROM-CACHE
> Task :feature:library:parseDebugLocalResources FROM-CACHE
> Task :feature:library:generateDebugRFile
> Task :feature:onboarding:compileDebugLibraryResources FROM-CACHE
> Task :feature:onboarding:parseDebugLocalResources FROM-CACHE
> Task :feature:onboarding:generateDebugRFile
> Task :feature:settings:compileDebugLibraryResources FROM-CACHE
> Task :feature:settings:parseDebugLocalResources FROM-CACHE
> Task :feature:settings:generateDebugRFile
> Task :feature:upload:compileDebugLibraryResources FROM-CACHE
> Task :feature:upload:parseDebugLocalResources FROM-CACHE
> Task :feature:upload:generateDebugRFile
> Task :feature:video:compileDebugLibraryResources FROM-CACHE
> Task :feature:video:parseDebugLocalResources FROM-CACHE
> Task :feature:video:generateDebugRFile
> Task :data:checkKotlinGradlePluginConfigurationErrors SKIPPED
> Task :core:database:checkKotlinGradlePluginConfigurationErrors SKIPPED
> Task :core:database:javaPreCompileDebug
> Task :core:datastore:checkKotlinGradlePluginConfigurationErrors SKIPPED
> Task :core:security:checkKotlinGradlePluginConfigurationErrors SKIPPED
> Task :core:security:generateDebugBuildConfig
> Task :core:common:compileKotlin
> Task :core:common:compileJava NO-SOURCE
> Task :core:common:classes UP-TO-DATE
> Task :core:common:jar
> Task :core:datastore:javaPreCompileDebug
> Task :data:javaPreCompileDebug
> Task :telegram:checkKotlinGradlePluginConfigurationErrors SKIPPED
> Task :telegram:generateDebugBuildConfig
> Task :core:logging:checkKotlinGradlePluginConfigurationErrors SKIPPED
> Task :core:logging:generateDebugBuildConfig
> Task :app:checkDebugAarMetadata
> Task :app:mapDebugSourceSetPaths
> Task :app:generateDebugResources
> Task :domain:compileKotlin
> Task :domain:compileJava NO-SOURCE
> Task :domain:classes UP-TO-DATE
> Task :domain:jar
> Task :app:packageDebugResources
> Task :app:parseDebugLocalResources
> Task :app:createDebugCompatibleScreenManifests
> Task :app:extractDeepLinksDebug FROM-CACHE
> Task :app:mergeDebugResources
> Task :app:processDebugMainManifest
> Task :app:processDebugManifest
> Task :app:processDebugManifestForPackage
> Task :app:processDebugResources
> Task :core:security:javaPreCompileDebug FROM-CACHE
> Task :core:logging:javaPreCompileDebug FROM-CACHE
> Task :telegram:javaPreCompileDebug FROM-CACHE
> Task :worker:checkKotlinGradlePluginConfigurationErrors SKIPPED
> Task :worker:javaPreCompileDebug
> Task :core:ui:checkKotlinGradlePluginConfigurationErrors SKIPPED
> Task :core:logging:kspDebugKotlin
> Task :core:security:kspDebugKotlin
> Task :core:logging:compileDebugKotlin
> Task :core:security:compileDebugKotlin
> Task :core:database:kspDebugKotlin
> Task :core:database:compileDebugKotlin
> Task :core:security:compileDebugJavaWithJavac
> Task :core:logging:compileDebugJavaWithJavac
> Task :core:database:compileDebugJavaWithJavac
> Task :core:database:bundleLibCompileToJarDebug
> Task :core:database:bundleLibRuntimeToJarDebug
> Task :core:ui:javaPreCompileDebug FROM-CACHE
> Task :feature:activity:checkKotlinGradlePluginConfigurationErrors SKIPPED
> Task :feature:activity:javaPreCompileDebug FROM-CACHE
> Task :feature:categories:checkKotlinGradlePluginConfigurationErrors SKIPPED
> Task :feature:categories:javaPreCompileDebug FROM-CACHE
> Task :feature:channels:checkKotlinGradlePluginConfigurationErrors SKIPPED
> Task :feature:channels:javaPreCompileDebug FROM-CACHE
> Task :feature:dashboard:checkKotlinGradlePluginConfigurationErrors SKIPPED
> Task :feature:dashboard:javaPreCompileDebug FROM-CACHE
> Task :feature:folders:checkKotlinGradlePluginConfigurationErrors SKIPPED
> Task :feature:folders:javaPreCompileDebug FROM-CACHE
> Task :feature:library:checkKotlinGradlePluginConfigurationErrors SKIPPED
> Task :feature:library:javaPreCompileDebug FROM-CACHE
> Task :feature:onboarding:checkKotlinGradlePluginConfigurationErrors SKIPPED
> Task :feature:onboarding:javaPreCompileDebug FROM-CACHE
> Task :feature:settings:checkKotlinGradlePluginConfigurationErrors SKIPPED
> Task :core:logging:transformDebugClassesWithAsm
> Task :core:security:transformDebugClassesWithAsm
> Task :feature:settings:javaPreCompileDebug FROM-CACHE
> Task :core:logging:bundleLibCompileToJarDebug
> Task :feature:upload:checkKotlinGradlePluginConfigurationErrors SKIPPED
> Task :feature:upload:javaPreCompileDebug FROM-CACHE
> Task :core:security:bundleLibCompileToJarDebug
> Task :feature:video:checkKotlinGradlePluginConfigurationErrors SKIPPED
> Task :core:logging:bundleLibRuntimeToJarDebug
> Task :core:security:bundleLibRuntimeToJarDebug
> Task :feature:video:javaPreCompileDebug FROM-CACHE
> Task :app:javaPreCompileDebug FROM-CACHE
> Task :app:mergeDebugShaders
> Task :app:compileDebugShaders NO-SOURCE
> Task :app:generateDebugAssets UP-TO-DATE
> Task :data:mergeDebugShaders
> Task :data:compileDebugShaders NO-SOURCE
> Task :data:generateDebugAssets UP-TO-DATE
> Task :data:packageDebugAssets
> Task :worker:mergeDebugShaders
> Task :worker:compileDebugShaders NO-SOURCE
> Task :worker:generateDebugAssets UP-TO-DATE
> Task :worker:packageDebugAssets
> Task :core:database:mergeDebugShaders
> Task :core:database:compileDebugShaders NO-SOURCE
> Task :core:database:generateDebugAssets UP-TO-DATE
> Task :core:database:packageDebugAssets
> Task :core:logging:mergeDebugShaders
> Task :core:logging:compileDebugShaders NO-SOURCE
> Task :core:logging:generateDebugAssets UP-TO-DATE
> Task :core:logging:packageDebugAssets
> Task :core:security:mergeDebugShaders
> Task :core:security:compileDebugShaders NO-SOURCE
> Task :core:security:generateDebugAssets UP-TO-DATE
> Task :core:security:packageDebugAssets
> Task :core:ui:mergeDebugShaders
> Task :core:ui:compileDebugShaders NO-SOURCE
> Task :core:ui:generateDebugAssets UP-TO-DATE
> Task :core:ui:packageDebugAssets
> Task :feature:activity:mergeDebugShaders
> Task :feature:activity:compileDebugShaders NO-SOURCE
> Task :feature:activity:generateDebugAssets UP-TO-DATE
> Task :feature:activity:packageDebugAssets
> Task :feature:categories:mergeDebugShaders
> Task :feature:categories:compileDebugShaders NO-SOURCE
> Task :feature:categories:generateDebugAssets UP-TO-DATE
> Task :feature:categories:packageDebugAssets
> Task :feature:channels:mergeDebugShaders
> Task :feature:channels:compileDebugShaders NO-SOURCE
> Task :feature:channels:generateDebugAssets UP-TO-DATE
> Task :feature:channels:packageDebugAssets
> Task :telegram:mergeDebugShaders
> Task :telegram:compileDebugShaders NO-SOURCE
> Task :telegram:generateDebugAssets UP-TO-DATE
> Task :telegram:packageDebugAssets
> Task :feature:dashboard:mergeDebugShaders
> Task :feature:dashboard:compileDebugShaders NO-SOURCE
> Task :feature:dashboard:generateDebugAssets UP-TO-DATE
> Task :feature:dashboard:packageDebugAssets
> Task :feature:folders:mergeDebugShaders
> Task :feature:folders:compileDebugShaders NO-SOURCE
> Task :feature:folders:generateDebugAssets UP-TO-DATE
> Task :feature:folders:packageDebugAssets
> Task :feature:library:mergeDebugShaders
> Task :feature:library:compileDebugShaders NO-SOURCE
> Task :feature:library:generateDebugAssets UP-TO-DATE
> Task :feature:library:packageDebugAssets
> Task :feature:onboarding:mergeDebugShaders
> Task :feature:onboarding:compileDebugShaders NO-SOURCE
> Task :feature:onboarding:generateDebugAssets UP-TO-DATE
> Task :feature:onboarding:packageDebugAssets
> Task :core:datastore:mergeDebugShaders
> Task :core:datastore:compileDebugShaders NO-SOURCE
> Task :core:datastore:generateDebugAssets UP-TO-DATE
> Task :core:datastore:packageDebugAssets
> Task :feature:settings:mergeDebugShaders
> Task :feature:settings:compileDebugShaders NO-SOURCE
> Task :feature:settings:generateDebugAssets UP-TO-DATE
> Task :feature:settings:packageDebugAssets
> Task :feature:upload:mergeDebugShaders
> Task :feature:upload:compileDebugShaders NO-SOURCE
> Task :feature:upload:generateDebugAssets UP-TO-DATE
> Task :feature:upload:packageDebugAssets
> Task :feature:video:mergeDebugShaders
> Task :feature:video:compileDebugShaders NO-SOURCE
> Task :feature:video:generateDebugAssets UP-TO-DATE
> Task :feature:video:packageDebugAssets
> Task :app:mergeDebugAssets
> Task :app:compressDebugAssets
> Task :core:datastore:compileDebugKotlin
> Task :core:datastore:compileDebugJavaWithJavac NO-SOURCE
> Task :core:datastore:bundleLibCompileToJarDebug

> Task :telegram:kspDebugKotlin FAILED
e: [ksp] InjectProcessingStep was unable to process 'TdLibManager(android.content.Context,com.mastercontrol.app.domain.repository.TelegramCredentialsRepository,com.mastercontrol.app.core.security.TdlibEncryptionKeyProvider,com.mastercontrol.app.core.logging.Logger)' because 'error.NonExistentClass' could not be resolved.

Dependency trace:
    => element (CLASS): com.mastercontrol.app.telegram.tdlib.manager.TdLibManager
    => element (CONSTRUCTOR): TdLibManager(android.content.Context,com.mastercontrol.app.domain.repository.TelegramCredentialsRepository,com.mastercontrol.app.core.security.TdlibEncryptionKeyProvider,com.mastercontrol.app.core.logging.Logger)
    => element (PARAMETER): context
    => annotation: @ApplicationContext
    => type (ERROR annotation type): error.NonExistentClass

If type 'error.NonExistentClass' is a generated type, check above for compilation errors that may have prevented the type from being generated. Otherwise, ensure that type 'error.NonExistentClass' is on your classpath.
e: Error occurred in KSP, check log for detail

> Task :core:ui:compileDebugKotlin
> Task :data:kspDebugKotlin
gradle/actions: Writing build results to /home/runner/work/_temp/.gradle-actions/build-results/__run-1790061084877.json

FAILURE: Build failed with an exception.

* What went wrong:
Execution failed for task ':telegram:kspDebugKotlin'.
> A failure occurred while executing org.jetbrains.kotlin.compilerRunner.GradleCompilerRunnerWithWorkers$GradleKotlinCompilerWorkAction
   > Compilation error. See log for more details

* Try:
> Run with --info or --debug option to get more log output.
> Run with --scan to get full insights.
> Get more help at https://help.gradle.org.

* Exception is:
org.gradle.api.tasks.TaskExecutionException: Execution failed for task ':telegram:kspDebugKotlin'.
	at org.gradle.api.internal.tasks.execution.ExecuteActionsTaskExecuter.lambda$executeIfValid$1(ExecuteActionsTaskExecuter.java:130)
	at org.gradle.internal.Try$Failure.ifSuccessfulOrElse(Try.java:293)
	at org.gradle.api.internal.tasks.execution.ExecuteActionsTaskExecuter.executeIfValid(ExecuteActionsTaskExecuter.java:128)
	at org.gradle.api.internal.tasks.execution.ExecuteActionsTaskExecuter.execute(ExecuteActionsTaskExecuter.java:116)
	at org.gradle.api.internal.tasks.execution.FinalizePropertiesTaskExecuter.execute(FinalizePropertiesTaskExecuter.java:46)
	at org.gradle.api.internal.tasks.execution.ResolveTaskExecutionModeExecuter.execute(ResolveTaskExecutionModeExecuter.java:51)
	at org.gradle.api.internal.tasks.execution.SkipTaskWithNoActionsExecuter.execute(SkipTaskWithNoActionsExecuter.java:57)
	at org.gradle.api.internal.tasks.execution.SkipOnlyIfTaskExecuter.execute(SkipOnlyIfTaskExecuter.java:74)
	at org.gradle.api.internal.tasks.execution.CatchExceptionTaskExecuter.execute(CatchExceptionTaskExecuter.java:36)
	at org.gradle.api.internal.tasks.execution.EventFiringTaskExecuter$1.executeTask(EventFiringTaskExecuter.java:77)
	at org.gradle.api.internal.tasks.execution.EventFiringTaskExecuter$1.call(EventFiringTaskExecuter.java:55)
	at org.gradle.api.internal.tasks.execution.EventFiringTaskExecuter$1.call(EventFiringTaskExecuter.java:52)
	at org.gradle.internal.operations.DefaultBuildOperationRunner$CallableBuildOperationWorker.execute(DefaultBuildOperationRunner.java:209)
	at org.gradle.internal.operations.DefaultBuildOperationRunner$CallableBuildOperationWorker.execute(DefaultBuildOperationRunner.java:204)
	at org.gradle.internal.operations.DefaultBuildOperationRunner$2.execute(DefaultBuildOperationRunner.java:66)
	at org.gradle.internal.operations.DefaultBuildOperationRunner$2.execute(DefaultBuildOperationRunner.java:59)
	at org.gradle.internal.operations.DefaultBuildOperationRunner.execute(DefaultBuildOperationRunner.java:166)
	at org.gradle.internal.operations.DefaultBuildOperationRunner.execute(DefaultBuildOperationRunner.java:59)
	at org.gradle.internal.operations.DefaultBuildOperationRunner.call(DefaultBuildOperationRunner.java:53)
	at org.gradle.api.internal.tasks.execution.EventFiringTaskExecuter.execute(EventFiringTaskExecuter.java:52)
	at org.gradle.execution.plan.LocalTaskNodeExecutor.execute(LocalTaskNodeExecutor.java:42)
	at org.gradle.execution.taskgraph.DefaultTaskExecutionGraph$InvokeNodeExecutorsAction.execute(DefaultTaskExecutionGraph.java:331)
	at org.gradle.execution.taskgraph.DefaultTaskExecutionGraph$InvokeNodeExecutorsAction.execute(DefaultTaskExecutionGraph.java:318)
	at org.gradle.execution.taskgraph.DefaultTaskExecutionGraph$BuildOperationAwareExecutionAction.lambda$execute$0(DefaultTaskExecutionGraph.java:314)
	at org.gradle.internal.operations.CurrentBuildOperationRef.with(CurrentBuildOperationRef.java:85)
	at org.gradle.execution.taskgraph.DefaultTaskExecutionGraph$BuildOperationAwareExecutionAction.execute(DefaultTaskExecutionGraph.java:314)
	at org.gradle.execution.taskgraph.DefaultTaskExecutionGraph$BuildOperationAwareExecutionAction.execute(DefaultTaskExecutionGraph.java:303)
	at org.gradle.execution.plan.DefaultPlanExecutor$ExecutorWorker.execute(DefaultPlanExecutor.java:459)
	at org.gradle.execution.plan.DefaultPlanExecutor$ExecutorWorker.run(DefaultPlanExecutor.java:376)
	at org.gradle.internal.concurrent.ExecutorPolicy$CatchAndRecordFailures.onExecute(ExecutorPolicy.java:64)
	at org.gradle.internal.concurrent.AbstractManagedExecutor$1.run(AbstractManagedExecutor.java:48)
Caused by: org.gradle.workers.internal.DefaultWorkerExecutor$WorkExecutionException: A failure occurred while executing org.jetbrains.kotlin.compilerRunner.GradleCompilerRunnerWithWorkers$GradleKotlinCompilerWorkAction
	at org.gradle.workers.internal.DefaultWorkerExecutor$WorkItemExecution.waitForCompletion(DefaultWorkerExecutor.java:287)
	at org.gradle.internal.work.DefaultAsyncWorkTracker.lambda$waitForItemsAndGatherFailures$2(DefaultAsyncWorkTracker.java:130)
	at org.gradle.internal.Factories$1.create(Factories.java:31)
	at org.gradle.internal.work.DefaultWorkerLeaseService.withoutLocks(DefaultWorkerLeaseService.java:339)
	at org.gradle.internal.work.DefaultWorkerLeaseService.withoutLocks(DefaultWorkerLeaseService.java:322)
	at org.gradle.internal.work.DefaultWorkerLeaseService.withoutLock(DefaultWorkerLeaseService.java:327)
	at org.gradle.internal.work.DefaultAsyncWorkTracker.waitForItemsAndGatherFailures(DefaultAsyncWorkTracker.java:126)
	at org.gradle.internal.work.DefaultAsyncWorkTracker.waitForItemsAndGatherFailures(DefaultAsyncWorkTracker.java:92)
	at org.gradle.internal.work.DefaultAsyncWorkTracker.waitForAll(DefaultAsyncWorkTracker.java:78)
	at org.gradle.internal.work.DefaultAsyncWorkTracker.waitForCompletion(DefaultAsyncWorkTracker.java:66)
	at org.gradle.api.internal.tasks.execution.TaskExecution$3.run(TaskExecution.java:252)
	at org.gradle.internal.operations.DefaultBuildOperationRunner$1.execute(DefaultBuildOperationRunner.java:29)
	at org.gradle.internal.operations.DefaultBuildOperationRunner$1.execute(DefaultBuildOperationRunner.java:26)
	at org.gradle.internal.operations.DefaultBuildOperationRunner$2.execute(DefaultBuildOperationRunner.java:66)
	at org.gradle.internal.operations.DefaultBuildOperationRunner$2.execute(DefaultBuildOperationRunner.java:59)
	at org.gradle.internal.operations.DefaultBuildOperationRunner.execute(DefaultBuildOperationRunner.java:166)
	at org.gradle.internal.operations.DefaultBuildOperationRunner.execute(DefaultBuildOperationRunner.java:59)
	at org.gradle.internal.operations.DefaultBuildOperationRunner.run(DefaultBuildOperationRunner.java:47)
	at org.gradle.api.internal.tasks.execution.TaskExecution.executeAction(TaskExecution.java:229)
	at org.gradle.api.internal.tasks.execution.TaskExecution.executeActions(TaskExecution.java:212)
	at org.gradle.api.internal.tasks.execution.TaskExecution.executeWithPreviousOutputFiles(TaskExecution.java:195)
	at org.gradle.api.internal.tasks.execution.TaskExecution.execute(TaskExecution.java:162)
	at org.gradle.internal.execution.steps.ExecuteStep.executeInternal(ExecuteStep.java:105)
	at org.gradle.internal.execution.steps.ExecuteStep.access$000(ExecuteStep.java:44)
	at org.gradle.internal.execution.steps.ExecuteStep$1.call(ExecuteStep.java:59)
	at org.gradle.internal.execution.steps.ExecuteStep$1.call(ExecuteStep.java:56)
	at org.gradle.internal.operations.DefaultBuildOperationRunner$CallableBuildOperationWorker.execute(DefaultBuildOperationRunner.java:209)
	at org.gradle.internal.operations.DefaultBuildOperationRunner$CallableBuildOperationWorker.execute(DefaultBuildOperationRunner.java:204)
	at org.gradle.internal.operations.DefaultBuildOperationRunner$2.execute(DefaultBuildOperationRunner.java:66)
	at org.gradle.internal.operations.DefaultBuildOperationRunner$2.execute(DefaultBuildOperationRunner.java:59)
	at org.gradle.internal.operations.DefaultBuildOperationRunner.execute(DefaultBuildOperationRunner.java:166)
	at org.gradle.internal.operations.DefaultBuildOperationRunner.execute(DefaultBuildOperationRunner.java:59)
	at org.gradle.internal.operations.DefaultBuildOperationRunner.call(DefaultBuildOperationRunner.java:53)
	at org.gradle.internal.execution.steps.ExecuteStep.execute(ExecuteStep.java:56)
	at org.gradle.internal.execution.steps.ExecuteStep.execute(ExecuteStep.java:44)
	at org.gradle.internal.execution.steps.CancelExecutionStep.execute(CancelExecutionStep.java:42)
	at org.gradle.internal.execution.steps.TimeoutStep.executeWithoutTimeout(TimeoutStep.java:75)
	at org.gradle.internal.execution.steps.TimeoutStep.execute(TimeoutStep.java:55)
	at org.gradle.internal.execution.steps.PreCreateOutputParentsStep.execute(PreCreateOutputParentsStep.java:50)
	at org.gradle.internal.execution.steps.PreCreateOutputParentsStep.execute(PreCreateOutputParentsStep.java:28)
	at org.gradle.internal.execution.steps.RemovePreviousOutputsStep.execute(RemovePreviousOutputsStep.java:67)
	at org.gradle.internal.execution.steps.RemovePreviousOutputsStep.execute(RemovePreviousOutputsStep.java:37)
	at org.gradle.internal.execution.steps.BroadcastChangingOutputsStep.execute(BroadcastChangingOutputsStep.java:61)
	at org.gradle.internal.execution.steps.BroadcastChangingOutputsStep.execute(BroadcastChangingOutputsStep.java:26)
	at org.gradle.internal.execution.steps.CaptureOutputsAfterExecutionStep.execute(CaptureOutputsAfterExecutionStep.java:69)
	at org.gradle.internal.execution.steps.CaptureOutputsAfterExecutionStep.execute(CaptureOutputsAfterExecutionStep.java:46)
	at org.gradle.internal.execution.steps.ResolveInputChangesStep.execute(ResolveInputChangesStep.java:40)
	at org.gradle.internal.execution.steps.ResolveInputChangesStep.execute(ResolveInputChangesStep.java:29)
	at org.gradle.internal.execution.steps.BuildCacheStep.executeWithoutCache(BuildCacheStep.java:189)
	at org.gradle.internal.execution.steps.BuildCacheStep.executeAndStoreInCache(BuildCacheStep.java:145)
	at org.gradle.internal.execution.steps.BuildCacheStep.lambda$executeWithCache$4(BuildCacheStep.java:101)
	at org.gradle.internal.execution.steps.BuildCacheStep.lambda$executeWithCache$5(BuildCacheStep.java:101)
	at org.gradle.internal.Try$Success.map(Try.java:175)
	at org.gradle.internal.execution.steps.BuildCacheStep.executeWithCache(BuildCacheStep.java:85)
	at org.gradle.internal.execution.steps.BuildCacheStep.lambda$execute$0(BuildCacheStep.java:74)
	at org.gradle.internal.Either$Left.fold(Either.java:115)
	at org.gradle.internal.execution.caching.CachingState.fold(CachingState.java:62)
	at org.gradle.internal.execution.steps.BuildCacheStep.execute(BuildCacheStep.java:73)
	at org.gradle.internal.execution.steps.BuildCacheStep.execute(BuildCacheStep.java:48)
	at org.gradle.internal.execution.steps.StoreExecutionStateStep.execute(StoreExecutionStateStep.java:46)
	at org.gradle.internal.execution.steps.StoreExecutionStateStep.execute(StoreExecutionStateStep.java:35)
	at org.gradle.internal.execution.steps.SkipUpToDateStep.executeBecause(SkipUpToDateStep.java:75)
	at org.gradle.internal.execution.steps.SkipUpToDateStep.lambda$execute$2(SkipUpToDateStep.java:53)
	at org.gradle.internal.execution.steps.SkipUpToDateStep.execute(SkipUpToDateStep.java:53)
	at org.gradle.internal.execution.steps.SkipUpToDateStep.execute(SkipUpToDateStep.java:35)
	at org.gradle.internal.execution.steps.legacy.MarkSnapshottingInputsFinishedStep.execute(MarkSnapshottingInputsFinishedStep.java:37)
	at org.gradle.internal.execution.steps.legacy.MarkSnapshottingInputsFinishedStep.execute(MarkSnapshottingInputsFinishedStep.java:27)
	at org.gradle.internal.execution.steps.ResolveIncrementalCachingStateStep.executeDelegate(ResolveIncrementalCachingStateStep.java:49)
	at org.gradle.internal.execution.steps.ResolveIncrementalCachingStateStep.executeDelegate(ResolveIncrementalCachingStateStep.java:27)
	at org.gradle.internal.execution.steps.AbstractResolveCachingStateStep.execute(AbstractResolveCachingStateStep.java:71)
	at org.gradle.internal.execution.steps.AbstractResolveCachingStateStep.execute(AbstractResolveCachingStateStep.java:39)
	at org.gradle.internal.execution.steps.ResolveChangesStep.execute(ResolveChangesStep.java:65)
	at org.gradle.internal.execution.steps.ResolveChangesStep.execute(ResolveChangesStep.java:36)
	at org.gradle.internal.execution.steps.ValidateStep.execute(ValidateStep.java:105)
	at org.gradle.internal.execution.steps.ValidateStep.execute(ValidateStep.java:54)
	at org.gradle.internal.execution.steps.AbstractCaptureStateBeforeExecutionStep.execute(AbstractCaptureStateBeforeExecutionStep.java:64)
	at org.gradle.internal.execution.steps.AbstractCaptureStateBeforeExecutionStep.execute(AbstractCaptureStateBeforeExecutionStep.java:43)
	at org.gradle.internal.execution.steps.AbstractSkipEmptyWorkStep.executeWithNonEmptySources(AbstractSkipEmptyWorkStep.java:125)
	at org.gradle.internal.execution.steps.AbstractSkipEmptyWorkStep.execute(AbstractSkipEmptyWorkStep.java:61)
	at org.gradle.internal.execution.steps.AbstractSkipEmptyWorkStep.execute(AbstractSkipEmptyWorkStep.java:36)
	at org.gradle.internal.execution.steps.legacy.MarkSnapshottingInputsStartedStep.execute(MarkSnapshottingInputsStartedStep.java:38)
	at org.gradle.internal.execution.steps.LoadPreviousExecutionStateStep.execute(LoadPreviousExecutionStateStep.java:36)
	at org.gradle.internal.execution.steps.LoadPreviousExecutionStateStep.execute(LoadPreviousExecutionStateStep.java:23)
	at org.gradle.internal.execution.steps.HandleStaleOutputsStep.execute(HandleStaleOutputsStep.java:75)
	at org.gradle.internal.execution.steps.HandleStaleOutputsStep.execute(HandleStaleOutputsStep.java:41)
	at org.gradle.internal.execution.steps.AssignMutableWorkspaceStep.lambda$execute$0(AssignMutableWorkspaceStep.java:35)
	at org.gradle.api.internal.tasks.execution.TaskExecution$4.withWorkspace(TaskExecution.java:289)
	at org.gradle.internal.execution.steps.AssignMutableWorkspaceStep.execute(AssignMutableWorkspaceStep.java:31)
	at org.gradle.internal.execution.steps.AssignMutableWorkspaceStep.execute(AssignMutableWorkspaceStep.java:22)
	at org.gradle.internal.execution.steps.ChoosePipelineStep.execute(ChoosePipelineStep.java:40)
	at org.gradle.internal.execution.steps.ChoosePipelineStep.execute(ChoosePipelineStep.java:23)
	at org.gradle.internal.execution.steps.ExecuteWorkBuildOperationFiringStep.lambda$execute$2(ExecuteWorkBuildOperationFiringStep.java:67)
	at org.gradle.internal.execution.steps.ExecuteWorkBuildOperationFiringStep.execute(ExecuteWorkBuildOperationFiringStep.java:67)
	at org.gradle.internal.execution.steps.ExecuteWorkBuildOperationFiringStep.execute(ExecuteWorkBuildOperationFiringStep.java:39)
	at org.gradle.internal.execution.steps.IdentityCacheStep.execute(IdentityCacheStep.java:46)
	at org.gradle.internal.execution.steps.IdentityCacheStep.execute(IdentityCacheStep.java:34)
	at org.gradle.internal.execution.steps.IdentifyStep.execute(IdentifyStep.java:48)
	at org.gradle.internal.execution.steps.IdentifyStep.execute(IdentifyStep.java:35)
	at org.gradle.internal.execution.impl.DefaultExecutionEngine$1.execute(DefaultExecutionEngine.java:61)
	at org.gradle.api.internal.tasks.execution.ExecuteActionsTaskExecuter.executeIfValid(ExecuteActionsTaskExecuter.java:127)
	at org.gradle.api.internal.tasks.execution.ExecuteActionsTaskExecuter.execute(ExecuteActionsTaskExecuter.java:116)
	at org.gradle.api.internal.tasks.execution.FinalizePropertiesTaskExecuter.execute(FinalizePropertiesTaskExecuter.java:46)
	at org.gradle.api.internal.tasks.execution.ResolveTaskExecutionModeExecuter.execute(ResolveTaskExecutionModeExecuter.java:51)
	at org.gradle.api.internal.tasks.execution.SkipTaskWithNoActionsExecuter.execute(SkipTaskWithNoActionsExecuter.java:57)
	at org.gradle.api.internal.tasks.execution.SkipOnlyIfTaskExecuter.execute(SkipOnlyIfTaskExecuter.java:74)
	at org.gradle.api.internal.tasks.execution.CatchExceptionTaskExecuter.execute(CatchExceptionTaskExecuter.java:36)
	at org.gradle.api.internal.tasks.execution.EventFiringTaskExecuter$1.executeTask(EventFiringTaskExecuter.java:77)
	at org.gradle.api.internal.tasks.execution.EventFiringTaskExecuter$1.call(EventFiringTaskExecuter.java:55)
	at org.gradle.api.internal.tasks.execution.EventFiringTaskExecuter$1.call(EventFiringTaskExecuter.java:52)
	at org.gradle.internal.operations.DefaultBuildOperationRunner$CallableBuildOperationWorker.execute(DefaultBuildOperationRunner.java:209)
	at org.gradle.internal.operations.DefaultBuildOperationRunner$CallableBuildOperationWorker.execute(DefaultBuildOperationRunner.java:204)
	at org.gradle.internal.operations.DefaultBuildOperationRunner$2.execute(DefaultBuildOperationRunner.java:66)
	at org.gradle.internal.operations.DefaultBuildOperationRunner$2.execute(DefaultBuildOperationRunner.java:59)
	at org.gradle.internal.operations.DefaultBuildOperationRunner.execute(DefaultBuildOperationRunner.java:166)
	at org.gradle.internal.operations.DefaultBuildOperationRunner.execute(DefaultBuildOperationRunner.java:59)
	at org.gradle.internal.operations.DefaultBuildOperationRunner.call(DefaultBuildOperationRunner.java:53)
	at org.gradle.api.internal.tasks.execution.EventFiringTaskExecuter.execute(EventFiringTaskExecuter.java:52)
	at org.gradle.execution.plan.LocalTaskNodeExecutor.execute(LocalTaskNodeExecutor.java:42)
	at org.gradle.execution.taskgraph.DefaultTaskExecutionGraph$InvokeNodeExecutorsAction.execute(DefaultTaskExecutionGraph.java:331)
	at org.gradle.execution.taskgraph.DefaultTaskExecutionGraph$InvokeNodeExecutorsAction.execute(DefaultTaskExecutionGraph.java:318)
	at org.gradle.execution.taskgraph.DefaultTaskExecutionGraph$BuildOperationAwareExecutionAction.lambda$execute$0(DefaultTaskExecutionGraph.java:314)
	at org.gradle.internal.operations.CurrentBuildOperationRef.with(CurrentBuildOperationRef.java:85)
	at org.gradle.execution.taskgraph.DefaultTaskExecutionGraph$BuildOperationAwareExecutionAction.execute(DefaultTaskExecutionGraph.java:314)
	at org.gradle.execution.taskgraph.DefaultTaskExecutionGraph$BuildOperationAwareExecutionAction.execute(DefaultTaskExecutionGraph.java:303)
	at org.gradle.execution.plan.DefaultPlanExecutor$ExecutorWorker.execute(DefaultPlanExecutor.java:459)
	at org.gradle.execution.plan.DefaultPlanExecutor$ExecutorWorker.run(DefaultPlanExecutor.java:376)
	at org.gradle.internal.concurrent.ExecutorPolicy$CatchAndRecordFailures.onExecute(ExecutorPolicy.java:64)
	at org.gradle.internal.concurrent.AbstractManagedExecutor$1.run(AbstractManagedExecutor.java:48)
Caused by: org.jetbrains.kotlin.gradle.tasks.CompilationErrorException: Compilation error. See log for more details
	at org.jetbrains.kotlin.gradle.tasks.TasksUtilsKt.throwExceptionIfCompilationFailed(tasksUtils.kt:21)
	at org.jetbrains.kotlin.compilerRunner.GradleKotlinCompilerWork.run(GradleKotlinCompilerWork.kt:119)
	at org.jetbrains.kotlin.compilerRunner.GradleCompilerRunnerWithWorkers$GradleKotlinCompilerWorkAction.execute(GradleCompilerRunnerWithWorkers.kt:76)
	at org.gradle.workers.internal.DefaultWorkerServer.execute(DefaultWorkerServer.java:63)
	at org.gradle.workers.internal.NoIsolationWorkerFactory$1$1.create(NoIsolationWorkerFactory.java:66)
	at org.gradle.workers.internal.NoIsolationWorkerFactory$1$1.create(NoIsolationWorkerFactory.java:62)
	at org.gradle.internal.classloader.ClassLoaderUtils.executeInClassloader(ClassLoaderUtils.java:100)
	at org.gradle.workers.internal.NoIsolationWorkerFactory$1.lambda$execute$0(NoIsolationWorkerFactory.java:62)
	at org.gradle.workers.internal.AbstractWorker$1.call(AbstractWorker.java:44)
	at org.gradle.workers.internal.AbstractWorker$1.call(AbstractWorker.java:41)
	at org.gradle.internal.operations.DefaultBuildOperationRunner$CallableBuildOperationWorker.execute(DefaultBuildOperationRunner.java:209)
	at org.gradle.internal.operations.DefaultBuildOperationRunner$CallableBuildOperationWorker.execute(DefaultBuildOperationRunner.java:204)
	at org.gradle.internal.operations.DefaultBuildOperationRunner$2.execute(DefaultBuildOperationRunner.java:66)
	at org.gradle.internal.operations.DefaultBuildOperationRunner$2.execute(DefaultBuildOperationRunner.java:59)
	at org.gradle.internal.operations.DefaultBuildOperationRunner.execute(DefaultBuildOperationRunner.java:166)
	at org.gradle.internal.operations.DefaultBuildOperationRunner.execute(DefaultBuildOperationRunner.java:59)
	at org.gradle.internal.operations.DefaultBuildOperationRunner.call(DefaultBuildOperationRunner.java:53)
	at org.gradle.workers.internal.AbstractWorker.executeWrappedInBuildOperation(AbstractWorker.java:41)
	at org.gradle.workers.internal.NoIsolationWorkerFactory$1.execute(NoIsolationWorkerFactory.java:59)
	at org.gradle.workers.internal.DefaultWorkerExecutor.lambda$submitWork$0(DefaultWorkerExecutor.java:174)
	at org.gradle.internal.work.DefaultConditionalExecutionQueue$ExecutionRunner.runExecution(DefaultConditionalExecutionQueue.java:195)
	at org.gradle.internal.work.DefaultConditionalExecutionQueue$ExecutionRunner.access$700(DefaultConditionalExecutionQueue.java:128)
	at org.gradle.internal.work.DefaultConditionalExecutionQueue$ExecutionRunner$1.run(DefaultConditionalExecutionQueue.java:170)
	at org.gradle.internal.Factories$1.create(Factories.java:31)
	at org.gradle.internal.work.DefaultWorkerLeaseService.withLocks(DefaultWorkerLeaseService.java:267)
	at org.gradle.internal.work.DefaultWorkerLeaseService.runAsWorkerThread(DefaultWorkerLeaseService.java:131)
	at org.gradle.internal.work.DefaultWorkerLeaseService.runAsWorkerThread(DefaultWorkerLeaseService.java:136)
	at org.gradle.internal.work.DefaultConditionalExecutionQueue$ExecutionRunner.runBatch(DefaultConditionalExecutionQueue.java:165)
	at org.gradle.internal.work.DefaultConditionalExecutionQueue$ExecutionRunner.run(DefaultConditionalExecutionQueue.java:134)
	... 2 more


BUILD FAILED in 2m 22s
263 actionable tasks: 165 executed, 98 from cache
